node.exe : npm warn 
Unknown project 
config "store-dir". 
This will stop 
working in the next 
major version of 
npm.
At line:1 char:1
+ & "C:\Program File
s\nodejs/node.exe" 
"C:\Program Files\no
dejs/node_mo ...
+ ~~~~~~~~~~~~~~~~~~
~~~~~~~~~~~~~~~~~~~~
~~~~~~~~~~~~~~~~~~~~
~~~~~~~~~~~
    + CategoryInfo  
            : NotS  
  pecified: (npm    
 warn Unknow...v    
ersion of npm.:    
String) [], Rem    
oteException
    + FullyQualifie 
   dErrorId : Nati  
  veCommandError
 
npm warn Unknown 
project config "virt
ual-store-dir". 
This will stop 
working in the next 
major version of 
npm.
src/App.tsx(716,23): error TS2322: Type '{ children: Element; client: ThirdwebClient; }' is not assignable to type 'IntrinsicAttributes & { connectionManager?: { activeAccountStore: Store<Account>; activeWalletChainStore: Store<Readonly<ChainOptions & { ...; }>>; ... 11 more ...; switchActiveWalletChain: (chain: Readonly<...>) => Promise<...>; }; } & { ...; }'.
  Property 'client' does not exist on type 'IntrinsicAttributes & { connectionManager?: { activeAccountStore: Store<Account>; activeWalletChainStore: Store<Readonly<ChainOptions & { ...; }>>; ... 11 more ...; switchActiveWalletChain: (chain: Readonly<...>) => Promise<...>; }; } & { ...; }'.
